// Jest Snapshot v1, https://goo.gl/fbAQLP

exports[`Hyväksymispäätös suorita hyväksymispäätösvaihe saamen kielellä onnistuneesti 1`] = `
Object {
  "description": "Hyväksymispäätösvaihe saamenkielisellä kuulutuksella ja ilmoituksella",
  "obj": Object {
    "POHJOISSAAME": Object {
      "__typename": "KuulutusSaamePDF",
      "kuulutusIlmoitusPDF": Object {
        "__typename": "LadattuTiedosto",
        "nimi": "saameilmoitus.pdf",
        "tiedosto": "/yllapito/tiedostot/projekti/3/hyvaksymispaatos/saameilmoitus.pdf",
        "tuotu": "2020-01-01T00:00:00+02:00",
      },
      "kuulutusPDF": Object {
        "__typename": "LadattuTiedosto",
        "nimi": "saamekuulutus.pdf",
        "tiedosto": "/yllapito/tiedostot/projekti/3/hyvaksymispaatos/saamekuulutus.pdf",
        "tuotu": "2020-01-01T00:00:00+02:00",
      },
    },
    "__typename": "KuulutusSaamePDFt",
  },
}
`;

exports[`Hyväksymispäätös suorita hyväksymispäätösvaihe saamen kielellä onnistuneesti 2`] = `
Object {
  "yllapito S3 files Hyväksymispäätösvaihe saamenkielisellä kuulutuksella ja ilmoituksella": Object {
    "/saameilmoitus.pdf": FileMetadata {
      "ContentDisposition": undefined,
      "ContentType": "image/png",
      "checksum": "ABC123",
    },
    "/saamekuulutus.pdf": FileMetadata {
      "ContentDisposition": undefined,
      "ContentType": "image/png",
      "checksum": "ABC123",
    },
  },
}
`;
