// Jest Snapshot v1, https://goo.gl/fbAQLP

exports[`VelhoAdapter should adapt project from Velho successfully 1`] = `
Object {
  "projekti": Object {
    "kayttoOikeudet": Array [],
    "oid": "100",
    "status": "EI_JULKAISTU",
    "tyyppi": "TIE",
    "velho": Object {
      "kunnat": Array [
        "Helsinki",
        "Vantaa",
        "Espoo",
      ],
      "linkki": "https://vayla.fi/vt-5-mikkeli-juva",
      "maakunnat": Array [
        "Uusimaa",
      ],
      "nimi": "Kaupungin sisääntulotien (mt 123) parantaminen välillä valtatien 1 eritasoliittymä - Päätie, Helsinki",
      "tilaajaOrganisaatio": "Pirkanmaan ELY-keskus",
      "vaylamuoto": Array [
        "tie",
      ],
    },
  },
  "vastuuhenkilo": "test@ely-keskus.fi",
}
`;
