// Jest Snapshot v1, https://goo.gl/fbAQLP

exports[`ProjektiPaths should create public full paths successfully 1`] = `
Array [
  "tiedostot/suunnitelma/123",
  "tiedostot/suunnitelma/123/suunnitteluvaihe/vuorovaikutus_456",
  "tiedostot/suunnitelma/123/suunnitteluvaihe/vuorovaikutus_456/aineisto",
  "tiedostot/suunnitelma/123/suunnitteluvaihe/vuorovaikutus_456/kutsu",
  "tiedostot/suunnitelma/123/nahtavillaolo",
  "tiedostot/suunnitelma/123/hyvaksymispaatos",
  "tiedostot/suunnitelma/123/hyvaksymispaatos/paatos",
  "tiedostot/suunnitelma/123/jatkopaatos1",
  "tiedostot/suunnitelma/123/jatkopaatos1/paatos",
  "tiedostot/suunnitelma/123/jatkopaatos2",
  "tiedostot/suunnitelma/123/jatkopaatos2/paatos",
]
`;

exports[`ProjektiPaths should create public projekti relative paths successfully 1`] = `
Array [
  "",
  "suunnitteluvaihe/vuorovaikutus_456",
  "suunnitteluvaihe/vuorovaikutus_456/aineisto",
  "suunnitteluvaihe/vuorovaikutus_456/kutsu",
  "nahtavillaolo",
  "hyvaksymispaatos",
  "hyvaksymispaatos/paatos",
  "jatkopaatos1",
  "jatkopaatos1/paatos",
  "jatkopaatos2",
  "jatkopaatos2/paatos",
]
`;

exports[`ProjektiPaths should create yllapito full paths successfully 1`] = `
Array [
  "yllapito/tiedostot/projekti/123",
  "yllapito/tiedostot/projekti/123/suunnitteluvaihe/vuorovaikutus_456",
  "yllapito/tiedostot/projekti/123/suunnitteluvaihe/vuorovaikutus_456/kutsu",
  "yllapito/tiedostot/projekti/123/suunnitteluvaihe/vuorovaikutus_456/aineisto",
  "yllapito/tiedostot/projekti/123/nahtavillaolo/7",
  "yllapito/tiedostot/projekti/123/hyvaksymispaatos/8",
  "yllapito/tiedostot/projekti/123/hyvaksymispaatos/8/paatos",
  "yllapito/tiedostot/projekti/123/jatkopaatos1/8",
  "yllapito/tiedostot/projekti/123/jatkopaatos1/8/paatos",
  "yllapito/tiedostot/projekti/123/jatkopaatos2/8",
  "yllapito/tiedostot/projekti/123/jatkopaatos2/8/paatos",
]
`;

exports[`ProjektiPaths should create yllapito paths successfully 1`] = `
Array [
  "",
  "suunnitteluvaihe/vuorovaikutus_456",
  "suunnitteluvaihe/vuorovaikutus_456/kutsu",
  "suunnitteluvaihe/vuorovaikutus_456/aineisto",
  "nahtavillaolo/7",
  "hyvaksymispaatos/8",
  "hyvaksymispaatos/8/paatos",
  "jatkopaatos1/8",
  "jatkopaatos1/8/paatos",
  "jatkopaatos2/8",
  "jatkopaatos2/8/paatos",
]
`;
