// Jest Snapshot v1, https://goo.gl/fbAQLP

exports[`IlmoitustauluSyote Should index projekti into ilmoitustaulusyote index successfully 1`] = `
Array [
  Object {
    "date": "2022-03-28T14:28:00+03:00",
    "elyt": Array [
      "ely/ely07",
    ],
    "kieli": "SUOMI",
    "kunnat": Array [
      491,
      178,
      740,
    ],
    "lelyt": Array [
      "ely/ely08",
      "ely/ely08",
      "ely/ely08",
    ],
    "maakunnat": Array [
      1,
      6,
    ],
    "oid": "4",
    "title": "Kuulutus suunnittelun aloittamisesta: Marikan testiprojekti",
    "type": "Kuulutus",
    "url": "https://localhost:3000/suunnitelma/4/aloituskuulutus",
    "vaylamuoto": Array [
      "tie",
    ],
  },
  Object {
    "date": "2022-03-28T14:28:00+03:00",
    "elyt": Array [
      "ely/ely07",
    ],
    "kieli": "RUOTSI",
    "kunnat": Array [
      491,
      178,
      740,
    ],
    "lelyt": Array [
      "ely/ely08",
      "ely/ely08",
      "ely/ely08",
    ],
    "maakunnat": Array [
      1,
      6,
    ],
    "oid": "4",
    "title": "Kungörelse om inledande av planering: Marikas testprojekt",
    "type": "Kuulutus",
    "url": "https://localhost:3000/sv/suunnitelma/4/aloituskuulutus",
    "vaylamuoto": Array [
      "tie",
    ],
  },
  Object {
    "date": "2022-06-20T11:54:00+03:00",
    "elyt": Array [
      "ely/ely01",
    ],
    "kieli": "SUOMI",
    "kunnat": Array [
      245,
    ],
    "lelyt": Array [
      "ely/ely01",
    ],
    "maakunnat": Array [
      1,
      6,
    ],
    "oid": "4",
    "title": "Kuulutus suunnitelman nähtäville asettamisesta: Mt 140 parantaminen Kaskelantien kohdalla, tiesuunnitelma, Kerava",
    "type": "Kuulutus",
    "url": "https://localhost:3000/suunnitelma/4/suunnittelu",
    "vaylamuoto": Array [
      "tie",
    ],
  },
  Object {
    "date": "2022-06-20T11:54:00+03:00",
    "elyt": Array [
      "ely/ely01",
    ],
    "kieli": "RUOTSI",
    "kunnat": Array [
      245,
    ],
    "lelyt": Array [
      "ely/ely01",
    ],
    "maakunnat": Array [
      1,
      6,
    ],
    "oid": "4",
    "title": "Kungörelse om framläggande av plan: sv",
    "type": "Kuulutus",
    "url": "https://localhost:3000/sv/suunnitelma/4/suunnittelu",
    "vaylamuoto": Array [
      "tie",
    ],
  },
  Object {
    "date": "2022-06-09T00:00:00+03:00",
    "elyt": Array [
      "ely/ely01",
    ],
    "kieli": "SUOMI",
    "kunnat": Array [
      91,
      92,
    ],
    "lelyt": Array [
      "ely/ely01",
      "ely/ely01",
    ],
    "maakunnat": Array [
      1,
    ],
    "oid": "4",
    "title": "Kuulutus suunnitelman hyväksymispäätöksestä: HASSU AUTOMAATTITESTIPROJEKTI1",
    "type": "Kuulutus",
    "url": "https://localhost:3000/suunnitelma/4/hyvaksymispaatos",
    "vaylamuoto": Array [
      "tie",
    ],
  },
  Object {
    "date": "2022-06-09T00:00:00+03:00",
    "elyt": Array [
      "ely/ely01",
    ],
    "kieli": "RUOTSI",
    "kunnat": Array [
      91,
      92,
    ],
    "lelyt": Array [
      "ely/ely01",
      "ely/ely01",
    ],
    "maakunnat": Array [
      1,
    ],
    "oid": "4",
    "title": "Kungörelse av beslutet att godkänna planen: Namnet på svenska",
    "type": "Kuulutus",
    "url": "https://localhost:3000/sv/suunnitelma/4/hyvaksymispaatos",
    "vaylamuoto": Array [
      "tie",
    ],
  },
]
`;
