// Jest Snapshot v1, https://goo.gl/fbAQLP

exports[`Perusta renders 'Perusta' page unchanged 1`] = `
Array [
  <section>
    <h1>
      Perusta uusi projekti
    </h1>
    <p
      className="ingress"
    >
      Hae projekti-VELHOon viety suunnitelma, jonka haluat tuoda Valtion väylien suunnittelu -palveluun. Voit käyttää hakuehtona projekti-VELHOon tallennettua asiatunnusta tai suunnitelman / projektin nimeä, tai näiden osaa.
    </p>
    <div
      className="w-64 content"
    >
      <form
        onSubmit={[Function]}
      >
        <div
          className="form-group"
        >
          <label>
            Asiatunnus
          </label>
          <input
            className=""
            disabled={true}
            maxLength={200}
            onChange={[Function]}
            type="text"
          />
        </div>
        <div
          className="form-group"
        >
          <label>
            Projektin nimi
          </label>
          <input
            className=""
            maxLength={100}
            name="name"
            onBlur={[Function]}
            onChange={[Function]}
            type="text"
          />
        </div>
        <div
          className="wrapper"
        >
          <button
            className="btn-primary"
            disabled={false}
          >
            <div
              className="overlay"
            >
              <div
                className="content"
              >
                Hae
                <svg
                  aria-hidden="true"
                  className="svg-inline--fa fa-search fa-w-16 ml-2 mb-px"
                  data-icon="search"
                  data-prefix="fas"
                  focusable="false"
                  role="img"
                  style={Object {}}
                  viewBox="0 0 512 512"
                  xmlns="http://www.w3.org/2000/svg"
                >
                  <path
                    d="M505 442.7L405.3 343c-4.5-4.5-10.6-7-17-7H372c27.6-35.3 44-79.7 44-128C416 93.1 322.9 0 208 0S0 93.1 0 208s93.1 208 208 208c48.3 0 92.7-16.4 128-44v16.3c0 6.4 2.5 12.5 7 17l99.7 99.7c9.4 9.4 24.6 9.4 33.9 0l28.3-28.3c9.4-9.4 9.4-24.6.1-34zM208 336c-70.7 0-128-57.2-128-128 0-70.7 57.2-128 128-128 70.7 0 128 57.2 128 128 0 70.7-57.2 128-128 128z"
                    fill="currentColor"
                    style={Object {}}
                  />
                </svg>
              </div>
            </div>
          </button>
        </div>
      </form>
    </div>
  </section>,
  <hr />,
  <section>
    <h2>
      Hakutulokset
    </h2>
    <div
      className="info"
    >
      <div>
        <h3
          className="vayla-small-title"
        >
          Ohjeet
        </h3>
        <ul
          className="list-disc list-inside block"
        >
          <li>
            Valitse listasta se suunnitelma, jonka haluat tallentaa Valtion väylien suunnittelu -palveluun uudeksi projektiksi.
          </li>
          <li>
            Huomioi, että hakutuloksissa näytetään ainoastaan ne suunnitelmat / projektit joitaa ei ole vielä perustettu palveluun. Käytä etusivun projektihakua etsiäksesi jo perustettuja projekteja.
          </li>
        </ul>
      </div>
    </div>
    <table
      className="project-table"
    >
      <thead>
        <tr>
          <th>
            Tunnus
          </th>
          <th>
            Nimi
          </th>
          <th>
            Tyyppi
          </th>
          <th>
            Projektipäällikkö
          </th>
        </tr>
      </thead>
      <tbody>
        <tr
          className="project-row"
          href="/yllapito/projekti/1234"
          onClick={[Function]}
          onMouseEnter={[Function]}
        >
          <td
            className="sm:w-2/12"
            data-label="Tunnus"
          >
            1234
          </td>
          <td
            className="sm:w-6/12"
            data-label="Nimi"
          >
            Tampereen tie Hanke
          </td>
          <td
            className="sm:w-2/12"
            data-label="Tyyppi"
          >
            Tiesuunnitelma
          </td>
          <td
            className="sm:w-2/12"
            data-label="Projektipäällikkö"
          >
            -
          </td>
        </tr>
      </tbody>
    </table>
  </section>,
]
`;
