// Jest Snapshot v1, https://goo.gl/fbAQLP

exports[`ProjektiTaulu renders ProjektiTaulu unchanged 1`] = `
<table
  className="project-table"
>
  <thead>
    <tr>
      <th>
        Tunnus
      </th>
      <th>
        Nimi
      </th>
      <th>
        Tyyppi
      </th>
      <th>
        Projektipäällikkö
      </th>
    </tr>
  </thead>
  <tbody>
    <tr
      className="project-row"
    >
      <td
        className="sm:w-2/12"
        data-label="Tunnus"
      >
        1234
      </td>
      <td
        className="sm:w-6/12"
        data-label="Nimi"
      >
        Tampereen Tie Projekti
      </td>
      <td
        className="sm:w-2/12"
        data-label="Tyyppi"
      >
        Tiesuunnitelma
      </td>
      <td
        className="sm:w-2/12"
        data-label="Projektipäällikkö"
      >
        -
      </td>
    </tr>
  </tbody>
</table>
`;
