// Jest Snapshot v1, https://goo.gl/fbAQLP

exports[`asiakirjaService should generate pdf succesfully 1`] = `
Object {
  "elyKeskus": "Pirkanmaa",
  "hankkeenKuvaus": "Lorem Ipsum",
  "hankkeenKuvausRuotsi": "PÃ¥ Svenska",
  "hankkeenKuvausSaame": "Saameksi",
  "kuulutusPaiva": "2022-01-02",
  "siirtyySuunnitteluVaiheeseen": "2022-01-01",
  "suunnitteluSopimus": Object {
    "email": "Joku.Jossain@vayla.fi",
    "etunimi": "Joku",
    "kunta": "Nokia",
    "puhelinnumero": "123",
    "sukunimi": "Jossain",
  },
  "velho": Object {
    "kunnat": Array [
      "Tampere",
      "Nokia",
    ],
    "nimi": "Testiprojekti 1",
    "tilaajaOrganisaatio": "Uudenmaan ELY-keskus",
    "tyyppi": "TIE",
    "vaylamuoto": Array [
      "tie",
    ],
  },
  "yhteystiedot": Array [
    Object {
      "etunimi": "Marko",
      "organisaatio": "Kajaani",
      "puhelinnumero": "0293121213",
      "sahkoposti": "markku.koi@koi.com",
      "sukunimi": "Koi",
    },
  ],
}
`;
