// Jest Snapshot v1, https://goo.gl/fbAQLP

exports[`adaptVuorovaikutusKierrosToSave should adapt vuorovaikutuskierros to save 1`] = `
Object {
  "esitettavatYhteystiedot": Object {
    "yhteysHenkilot": Array [],
    "yhteysTiedot": Array [],
  },
  "hankkeenKuvaus": Object {
    "SUOMI": "Kuvaus",
  },
  "ilmoituksenVastaanottajat": Object {
    "kunnat": Array [
      Object {
        "id": 620,
        "sahkoposti": "maikol@iki.fi",
      },
    ],
    "viranomaiset": Array [
      Object {
        "nimi": "KAINUUN_ELY",
        "sahkoposti": "kirjaamo.kainuu@ely-keskus.fi",
      },
    ],
  },
  "kysymyksetJaPalautteetViimeistaan": "2023-02-22",
  "tila": "MUOKATTAVISSA",
  "vuorovaikutusJulkaisuPaiva": "2023-02-20",
  "vuorovaikutusNumero": 1,
  "vuorovaikutusTilaisuudet": Array [
    Object {
      "alkamisAika": "00:00",
      "lisatiedot": Object {
        "SUOMI": "",
      },
      "nimi": Object {
        "SUOMI": "fdsaadfs",
      },
      "osoite": Object {
        "SUOMI": "dfsasdaf",
      },
      "paattymisAika": "00:00",
      "paikka": Object {
        "SUOMI": "adfsdfas",
      },
      "paivamaara": "2023-02-23",
      "postinumero": "12344",
      "postitoimipaikka": Object {
        "SUOMI": "",
      },
      "tyyppi": "PAIKALLA",
    },
    Object {
      "alkamisAika": "00:00",
      "kaytettavaPalvelu": "TEAMS",
      "linkki": "http://www.fi",
      "lisatiedot": Object {
        "SUOMI": "Voit liittyä tilaisuuteen myös puhelimella soittamalla numeroon 05012345.",
      },
      "nimi": Object {
        "SUOMI": "fdsaadfs",
      },
      "paattymisAika": "00:00",
      "paivamaara": "2023-02-23",
      "tyyppi": "VERKOSSA",
    },
  ],
}
`;
