// Jest Snapshot v1, https://goo.gl/fbAQLP

exports[`kiinteistoHandler tallenna kiinteist√∂n omistajat 1`] = `
Array [
  Object {
    "etunimet": "Matti",
    "expires": 0,
    "henkilotunnus": "111111-111A",
    "id": "0",
    "kiinteistotunnus": "1",
    "lisatty": "",
    "nimi": undefined,
    "oid": "1.2.3",
    "sukunimi": "Testaaja",
    "yhteystiedot": Object {
      "jakeluosoite": "Katuosoite 1 A 100",
      "maakoodi": "FI",
      "paikkakunta": "Helsinki",
      "postinumero": "00100",
    },
    "ytunnus": undefined,
  },
  Object {
    "etunimet": "Teppo",
    "expires": 0,
    "henkilotunnus": "111111-113B",
    "id": "1",
    "kiinteistotunnus": "1",
    "lisatty": "",
    "nimi": undefined,
    "oid": "1.2.3",
    "sukunimi": "Testaaja",
    "yhteystiedot": Object {
      "jakeluosoite": "Katuosoite 2 B 32",
      "maakoodi": undefined,
      "paikkakunta": "Vantaa",
      "postinumero": "01600",
    },
    "ytunnus": undefined,
  },
  Object {
    "etunimet": "Lotta",
    "expires": 0,
    "henkilotunnus": "222222-222A",
    "id": "2",
    "kiinteistotunnus": "2",
    "lisatty": "",
    "nimi": undefined,
    "oid": "1.2.3",
    "sukunimi": "Testaaja",
    "yhteystiedot": Object {
      "jakeluosoite": "Katuosoite 3 A 123",
      "maakoodi": undefined,
      "paikkakunta": "Helsinki",
      "postinumero": "00180",
    },
    "ytunnus": undefined,
  },
  Object {
    "etunimet": "Jatta",
    "expires": 0,
    "henkilotunnus": undefined,
    "id": "3",
    "kiinteistotunnus": "3",
    "lisatty": "",
    "nimi": undefined,
    "oid": "1.2.3",
    "sukunimi": "Tuntematon",
    "yhteystiedot": Object {
      "jakeluosoite": "Katuosoite 123",
      "maakoodi": undefined,
      "paikkakunta": "Helsinki",
      "postinumero": "00180",
    },
    "ytunnus": undefined,
  },
  Object {
    "etunimet": undefined,
    "expires": 0,
    "henkilotunnus": undefined,
    "id": "4",
    "kiinteistotunnus": "4",
    "lisatty": "",
    "nimi": "Yritys Oy Ab",
    "oid": "1.2.3",
    "sukunimi": undefined,
    "yhteystiedot": Object {
      "jakeluosoite": "Yritysosoite 1",
      "maakoodi": undefined,
      "paikkakunta": "Helsinki",
      "postinumero": "00001",
    },
    "ytunnus": "123-456",
  },
  Object {
    "expires": 0,
    "id": "5",
    "kiinteistotunnus": "5",
    "lisatty": "",
    "oid": "1.2.3",
  },
]
`;
